app/actions/orchestrated-chat.ts(79,7): error TS2322: Type '{ role: "user" | "assistant" | "system" | "data"; content: string; }[]' is not assignable to type '{ role: "user" | "assistant"; content: string; }[]'.
  Type '{ role: "user" | "assistant" | "system" | "data"; content: string; }' is not assignable to type '{ role: "user" | "assistant"; content: string; }'.
    Types of property 'role' are incompatible.
      Type '"user" | "assistant" | "system" | "data"' is not assignable to type '"user" | "assistant"'.
        Type '"system"' is not assignable to type '"user" | "assistant"'.
components/chat/chat-history-client.tsx(402,11): error TS2322: Type '{ id: string; role: "user" | "assistant" | "system" | "data"; content: string; timestamp: Date; } | undefined' is not assignable to type '{ id: string; role: "user" | "assistant"; content: string; timestamp: Date; } | undefined'.
  Type '{ id: string; role: "user" | "assistant" | "system" | "data"; content: string; timestamp: Date; }' is not assignable to type '{ id: string; role: "user" | "assistant"; content: string; timestamp: Date; }'.
    Types of property 'role' are incompatible.
      Type '"user" | "assistant" | "system" | "data"' is not assignable to type '"user" | "assistant"'.
components/chat/chat-history-client.tsx(461,11): error TS2322: Type '"user" | "assistant" | "system" | "data"' is not assignable to type '"user" | "assistant"'.
components/chat/chat-panel.tsx(208,24): error TS2322: Type '{ setInput: (val: any) => void; }' is not assignable to type 'IntrinsicAttributes & EmptyScreenProps'.
  Property 'setInput' does not exist on type 'IntrinsicAttributes & EmptyScreenProps'.
components/chat/chat-panel.tsx(208,35): error TS7006: Parameter 'val' implicitly has an 'any' type.
